// Jest Snapshot v1, https://goo.gl/fbAQLP

exports[`History component should be create the component 1`] = `
<div>
  <div
    className="row-prev row"
  >
    <div
      className="col-3"
    >
      <button
        className="btn btn-primary"
        disabled={false}
        onClick={[MockFunction]}
        type="button"
      >
        <i
          aria-hidden="true"
          className="fa fa-angle-left"
        />
        Prev
      </button>
    </div>
  </div>
</div>
`;
